 
****************************************
Report : power
        -analysis_effort low
Design : top
Version: T-2022.03-SP5
Date   : Thu Aug  8 17:21:10 2024
****************************************


Library(s) Used:

    PPDK_Standard_Library_0.6V_25C_TYP_X1 (File: /home/saggue00/synLibs/egfet_0.6V/db/EGFET_0.6V.db)


Operating Conditions: TT   Library: PPDK_Standard_Library_0.6V_25C_TYP_X1
Wire Load Model Mode: top


Global Operating Voltage = 0.6  
Power-specific unit information :
    Voltage Units = 1V
    Capacitance Units = 1.000000pf
    Time Units = 1ns
    Dynamic Power Units = 1mW    (derived from V,C,T units)
    Leakage Power Units = 1nW


Attributes
----------
i - Including register clock pin internal power


  Cell Internal Power  = 492.4565 uW  (100%)
  Net Switching Power  =  93.6976 nW    (0%)
                         ---------
Total Dynamic Power    = 492.5502 uW  (100%)

Cell Leakage Power     = 206.2203 uW


                 Internal         Switching           Leakage            Total
Power Group      Power            Power               Power              Power   (   %    )  Attrs
--------------------------------------------------------------------------------------------------
io_pad             0.0000            0.0000            0.0000            0.0000  (   0.00%)
memory             0.0000            0.0000            0.0000            0.0000  (   0.00%)
black_box          0.0000            0.0000            0.0000            0.0000  (   0.00%)
clock_network      0.3641            0.0000            0.0000            0.3641  (  52.11%)  i
register           0.1189        2.2933e-05        1.4706e+05            0.2660  (  38.07%)
sequential         0.0000            0.0000            0.0000            0.0000  (   0.00%)
combinational  9.4180e-03        7.0768e-05        5.9165e+04        6.8654e-02  (   9.82%)
--------------------------------------------------------------------------------------------------
Total              0.4925 mW     9.3701e-05 mW     2.0622e+05 nW         0.6988 mW
1
