Information: Updating design information... (UID-85)
Information: Timing loop detected. (OPT-150)
	out1_reg/Q out1_reg/Q_bar 
Information: Timing loop detected. (OPT-150)
	out1_reg/Q out1_reg/Q_bar 
Warning: Disabling timing arc between pins 'Q_bar' and 'Q' on cell 'out1_reg'
         to break a timing loop. (OPT-314)
Warning: Disabling timing arc between pins 'Q_bar' and 'Q' on cell 'out1_reg'
         to break a timing loop. (OPT-314)
Warning: Disabling timing arc between pins 'Q_bar' and 'Q' on cell 'out1_reg'
         to break a timing loop. (OPT-314)
Warning: Disabling timing arc between pins 'Q' and 'Q_bar' on cell 'out0_reg'
         to break a timing loop. (OPT-314)
Warning: Disabling timing arc between pins 'Q' and 'Q_bar' on cell 'out0_reg'
         to break a timing loop. (OPT-314)
Warning: Disabling timing arc between pins 'Q' and 'Q_bar' on cell 'done_reg'
         to break a timing loop. (OPT-314)
Warning: Disabling timing arc between pins 'Q' and 'Q_bar' on cell 'done_reg'
         to break a timing loop. (OPT-314)
 
****************************************
Report : qor
Design : top
Version: T-2022.03-SP5
Date   : Thu Aug  8 17:20:44 2024
****************************************


  Timing Path Group 'clk'
  -----------------------------------
  Levels of Logic:               0.00
  Critical Path Length:   28233100.00
  Critical Path Slack:     1766900.00
  Critical Path Clk Period:
                          30000000.00
  Total Negative Slack:          0.00
  No. of Violating Paths:        0.00
  Worst Hold Violation:          0.00
  Total Hold Violation:          0.00
  No. of Hold Violations:        0.00
  -----------------------------------


  Cell Count
  -----------------------------------
  Hierarchical Cell Count:          0
  Hierarchical Port Count:          0
  Leaf Cell Count:                 12
  Buf/Inv Cell Count:               1
  Buf Cell Count:                   0
  Inv Cell Count:                   1
  CT Buf/Inv Cell Count:            0
  Combinational Cell Count:         9
  Sequential Cell Count:            3
  Macro Count:                      0
  -----------------------------------


  Area
  -----------------------------------
  Combinational Area:  3003500.000000
  Noncombinational Area:
                       8328096.000000
  Buf/Inv Area:         228420.000000
  Total Buffer Area:             0.00
  Total Inverter Area:      228420.00
  Macro/Black Box Area:      0.000000
  Net Area:                  0.000000
  -----------------------------------
  Cell Area:          11331596.000000
  Design Area:        11331596.000000


  Design Rules
  -----------------------------------
  Total Number of Nets:            15
  Nets With Violations:            12
  Max Trans Violations:            12
  Max Cap Violations:               0
  -----------------------------------


  Hostname: i83compute4

  Compile CPU Statistics
  -----------------------------------------
  Resource Sharing:                    0.01
  Logic Optimization:                  0.01
  Mapping Optimization:                0.07
  -----------------------------------------
  Overall Compile Time:                0.70
  Overall Compile Wall Clock Time:     1.03

  --------------------------------------------------------------------

  Design  WNS: 0.00  TNS: 0.00  Number of Violating Paths: 0


  Design (Hold)  WNS: 0.00  TNS: 0.00  Number of Violating Paths: 0

  --------------------------------------------------------------------


1
